exports[`Button tests > a11y and snapshots #0`] = `
<div id="wrapper" style="display: inline-block;">
  <div style="padding: 10px;">
    <button type="button" class="denhaag-button">
      <span class="denhaag-button__label">Test button</span>
    </button>
  </div>
  <div style="padding: 10px;">
    <button
      variant="secondary-action"
      type="button"
      class="denhaag-button denhaag-button--secondary-action"
    >
      <span class="denhaag-button__label">Test button</span>
    </button>
  </div>
  <div style="padding: 10px;">
    <button disabled="" type="button" class="denhaag-button">
      <span class="denhaag-button__label">Test button</span>
    </button>
  </div>
  <div style="padding: 10px;">
    <button
      variant="secondary-action"
      type="button"
      class="denhaag-button denhaag-button--secondary-action denhaag-button--large"
    >
      <span class="denhaag-button__label">Test button</span>
    </button>
  </div>
</div>
`;

exports[`Button tests > a11y and snapshots #1`] = `
<div id="wrapper" style="display: inline-block;">
  <div style="padding: 10px;">
    <button type="button" class="denhaag-button denhaag-button--start-icon">
      <span class="denhaag-button__icon"
        ><svg
          xmlns="http://www.w3.org/2000/svg"
          viewBox="0 0 24 24"
          width="1em"
          height="1em"
          class="denhaag-icon"
          focusable="false"
          aria-hidden="true"
          shape-rendering="auto"
        >
          <path
            d="M19 13v4a2 2 0 01-2 2H3a2 2 0 01-2-2v-4M5 8l5 5 5-5M10 13V1"
            fill="none"
            stroke="currentColor"
            stroke-linecap="round"
            stroke-linejoin="round"
            stroke-width="2"
          ></path></svg></span
      ><span class="denhaag-button__label">Test button</span>
    </button>
  </div>
  <div style="padding: 10px;">
    <button
      variant="secondary-action"
      type="button"
      class="denhaag-button denhaag-button--secondary-action denhaag-button--start-icon"
    >
      <span class="denhaag-button__icon"
        ><svg
          xmlns="http://www.w3.org/2000/svg"
          viewBox="0 0 24 24"
          width="1em"
          height="1em"
          class="denhaag-icon"
          focusable="false"
          aria-hidden="true"
          shape-rendering="auto"
        >
          <path
            d="M19 13v4a2 2 0 01-2 2H3a2 2 0 01-2-2v-4M5 8l5 5 5-5M10 13V1"
            fill="none"
            stroke="currentColor"
            stroke-linecap="round"
            stroke-linejoin="round"
            stroke-width="2"
          ></path></svg></span
      ><span class="denhaag-button__label">Test button</span>
    </button>
  </div>
  <div style="padding: 10px;">
    <button type="button" class="denhaag-button denhaag-button--end-icon">
      <span class="denhaag-button__label">Test button</span
      ><span class="denhaag-button__icon"
        ><svg
          xmlns="http://www.w3.org/2000/svg"
          viewBox="0 0 24 24"
          width="1em"
          height="1em"
          class="denhaag-icon"
          focusable="false"
          aria-hidden="true"
          shape-rendering="auto"
        >
          <path
            d="M19 13v4a2 2 0 01-2 2H3a2 2 0 01-2-2v-4M5 8l5 5 5-5M10 13V1"
            fill="none"
            stroke="currentColor"
            stroke-linecap="round"
            stroke-linejoin="round"
            stroke-width="2"
          ></path></svg
      ></span>
    </button>
  </div>
  <div style="padding: 10px;">
    <button
      variant="secondary-action"
      disabled=""
      type="button"
      class="denhaag-button denhaag-button--secondary-action denhaag-button--large denhaag-button--end-icon"
    >
      <span class="denhaag-button__label">Test button</span
      ><span class="denhaag-button__icon"
        ><svg
          xmlns="http://www.w3.org/2000/svg"
          viewBox="0 0 24 24"
          width="1em"
          height="1em"
          class="denhaag-icon"
          focusable="false"
          aria-hidden="true"
          shape-rendering="auto"
        >
          <path
            d="M19 13v4a2 2 0 01-2 2H3a2 2 0 01-2-2v-4M5 8l5 5 5-5M10 13V1"
            fill="none"
            stroke="currentColor"
            stroke-linecap="round"
            stroke-linejoin="round"
            stroke-width="2"
          ></path></svg
      ></span>
    </button>
  </div>
</div>
`;
