exports[`Button tests > a11y and snapshots #0`] = `
<div id="wrapper" style="display: inline-block;">
  <div style="padding: 10px;">
    <button
      class="MuiButtonBase-root MuiButton-root denhaag-button MuiButton-contained denhaag-button--primary-action denhaag-button--medium"
      tabindex="0"
      type="button"
    >
      <span class="MuiButton-label denhaag-button__label"
        ><span
          class="MuiButton-startIcon denhaag-button__start-icon MuiButton-iconSizeMedium denhaag-button__icon-size-medium"
          ><svg
            width="1em"
            height="1em"
            viewBox="0 0 24 24"
            fill="none"
            xmlns="http://www.w3.org/2000/svg"
            class="MuiSvgIcon-root denhaag-icon"
            focusable="false"
            aria-hidden="true"
            shape-rendering="auto"
          >
            <path
              d="M9.293 18.707a1 1 0 010-1.414L14.586 12 9.293 6.707a1 1 0 011.414-1.414l6 6a1 1 0 010 1.414l-6 6a1 1 0 01-1.414 0z"
              fill="currentColor"
            ></path></svg></span
        >Test button<span
          class="MuiButton-endIcon denhaag-button__end-icon MuiButton-iconSizeMedium denhaag-button__icon-size-medium"
          ><svg
            width="1em"
            height="1em"
            viewBox="0 0 24 24"
            fill="none"
            xmlns="http://www.w3.org/2000/svg"
            class="MuiSvgIcon-root denhaag-icon"
            focusable="false"
            aria-hidden="true"
            shape-rendering="auto"
          >
            <path
              d="M9.293 18.707a1 1 0 010-1.414L14.586 12 9.293 6.707a1 1 0 011.414-1.414l6 6a1 1 0 010 1.414l-6 6a1 1 0 01-1.414 0z"
              fill="currentColor"
            ></path></svg></span
      ></span>
    </button>
  </div>
  <div style="padding: 10px;">
    <button
      class="MuiButtonBase-root MuiButton-root denhaag-button MuiButton-outlined denhaag-button--secondary-action denhaag-button--medium"
      tabindex="0"
      type="button"
    >
      <span class="MuiButton-label denhaag-button__label"
        ><span
          class="MuiButton-startIcon denhaag-button__start-icon MuiButton-iconSizeMedium denhaag-button__icon-size-medium"
          ><svg
            width="1em"
            height="1em"
            viewBox="0 0 24 24"
            fill="none"
            xmlns="http://www.w3.org/2000/svg"
            class="MuiSvgIcon-root denhaag-icon"
            focusable="false"
            aria-hidden="true"
            shape-rendering="auto"
          >
            <path
              d="M9.293 18.707a1 1 0 010-1.414L14.586 12 9.293 6.707a1 1 0 011.414-1.414l6 6a1 1 0 010 1.414l-6 6a1 1 0 01-1.414 0z"
              fill="currentColor"
            ></path></svg></span
        >Test button<span
          class="MuiButton-endIcon denhaag-button__end-icon MuiButton-iconSizeMedium denhaag-button__icon-size-medium"
          ><svg
            width="1em"
            height="1em"
            viewBox="0 0 24 24"
            fill="none"
            xmlns="http://www.w3.org/2000/svg"
            class="MuiSvgIcon-root denhaag-icon"
            focusable="false"
            aria-hidden="true"
            shape-rendering="auto"
          >
            <path
              d="M9.293 18.707a1 1 0 010-1.414L14.586 12 9.293 6.707a1 1 0 011.414-1.414l6 6a1 1 0 010 1.414l-6 6a1 1 0 01-1.414 0z"
              fill="currentColor"
            ></path></svg></span
      ></span>
    </button>
  </div>
  <div style="padding: 10px;">
    <button
      class="MuiButtonBase-root MuiButton-root denhaag-button MuiButton-contained denhaag-button--primary-action denhaag-button--large"
      tabindex="0"
      type="button"
    >
      <span class="MuiButton-label denhaag-button__label"
        ><span
          class="MuiButton-startIcon denhaag-button__start-icon MuiButton-iconSizeMedium denhaag-button__icon-size-medium"
          ><svg
            width="1em"
            height="1em"
            viewBox="0 0 24 24"
            fill="none"
            xmlns="http://www.w3.org/2000/svg"
            class="MuiSvgIcon-root denhaag-icon"
            focusable="false"
            aria-hidden="true"
            shape-rendering="auto"
          >
            <path
              d="M9.293 18.707a1 1 0 010-1.414L14.586 12 9.293 6.707a1 1 0 011.414-1.414l6 6a1 1 0 010 1.414l-6 6a1 1 0 01-1.414 0z"
              fill="currentColor"
            ></path></svg></span
        >Test button<span
          class="MuiButton-endIcon denhaag-button__end-icon MuiButton-iconSizeMedium denhaag-button__icon-size-medium"
          ><svg
            width="1em"
            height="1em"
            viewBox="0 0 24 24"
            fill="none"
            xmlns="http://www.w3.org/2000/svg"
            class="MuiSvgIcon-root denhaag-icon"
            focusable="false"
            aria-hidden="true"
            shape-rendering="auto"
          >
            <path
              d="M9.293 18.707a1 1 0 010-1.414L14.586 12 9.293 6.707a1 1 0 011.414-1.414l6 6a1 1 0 010 1.414l-6 6a1 1 0 01-1.414 0z"
              fill="currentColor"
            ></path></svg></span
      ></span>
    </button>
  </div>
  <div style="padding: 10px;">
    <button
      class="MuiButtonBase-root MuiButton-root denhaag-button MuiButton-contained denhaag-button--primary-action denhaag-button--medium Mui-disabled denhaag-button--disabled Mui-disabled"
      tabindex="-1"
      type="button"
      disabled=""
    >
      <span class="MuiButton-label denhaag-button__label"
        ><span
          class="MuiButton-startIcon denhaag-button__start-icon MuiButton-iconSizeMedium denhaag-button__icon-size-medium"
          ><svg
            width="1em"
            height="1em"
            viewBox="0 0 24 24"
            fill="none"
            xmlns="http://www.w3.org/2000/svg"
            class="MuiSvgIcon-root denhaag-icon"
            focusable="false"
            aria-hidden="true"
            shape-rendering="auto"
          >
            <path
              d="M9.293 18.707a1 1 0 010-1.414L14.586 12 9.293 6.707a1 1 0 011.414-1.414l6 6a1 1 0 010 1.414l-6 6a1 1 0 01-1.414 0z"
              fill="currentColor"
            ></path></svg></span
        >Test button<span
          class="MuiButton-endIcon denhaag-button__end-icon MuiButton-iconSizeMedium denhaag-button__icon-size-medium"
          ><svg
            width="1em"
            height="1em"
            viewBox="0 0 24 24"
            fill="none"
            xmlns="http://www.w3.org/2000/svg"
            class="MuiSvgIcon-root denhaag-icon"
            focusable="false"
            aria-hidden="true"
            shape-rendering="auto"
          >
            <path
              d="M9.293 18.707a1 1 0 010-1.414L14.586 12 9.293 6.707a1 1 0 011.414-1.414l6 6a1 1 0 010 1.414l-6 6a1 1 0 01-1.414 0z"
              fill="currentColor"
            ></path></svg></span
      ></span>
    </button>
  </div>
</div>
`;
