exports[`BadgeCounter tests > a11y and snapshots #0`] = `
<div id="wrapper" style="display: inline-block;">
  <div style="padding: 10px;">
    <div class="denhaag-badge-counter">
      <span
        class="denhaag-dot-indicator denhaag-dot-indicator--overlap-rectangle"
        ><div class="denhaag-badge-counter__counter">13</div>
        <span class="denhaag-dot-indicator__dot"></span
      ></span>
    </div>
  </div>
</div>
`;
