exports[`Button tests > a11y and snapshots #0`] = `
<div id="wrapper" style="display: inline-block;">
  <div style="padding: 10px;">
    <button
      class="MuiButtonBase-root MuiIconButton-root denhaag-icon-button"
      tabindex="0"
      type="button"
      aria-label="Button"
    >
      <span class="MuiIconButton-label"
        ><svg
          width="1em"
          height="1em"
          viewBox="0 0 24 24"
          fill="none"
          xmlns="http://www.w3.org/2000/svg"
          class="MuiSvgIcon-root denhaag-icon"
          focusable="false"
          aria-hidden="true"
          shape-rendering="auto"
        >
          <path
            d="M7 4a2 2 0 012-2h6a2 2 0 012 2v2h4a1 1 0 110 2h-1.069l-.867 12.142A2 2 0 0117.069 22H6.93a2 2 0 01-1.995-1.858L4.07 8H3a1 1 0 010-2h4V4zm2 2h6V4H9v2zM6.074 8l.857 12H17.07l.857-12H6.074zM10 10a1 1 0 011 1v6a1 1 0 11-2 0v-6a1 1 0 011-1zm4 0a1 1 0 011 1v6a1 1 0 11-2 0v-6a1 1 0 011-1z"
            fill="currentColor"
          ></path></svg
      ></span>
    </button>
  </div>
  <div style="padding: 10px;">
    <button
      class="MuiButtonBase-root MuiIconButton-root denhaag-icon-button Mui-disabled Mui-disabled"
      tabindex="-1"
      type="button"
      disabled=""
      aria-label="Button"
    >
      <span class="MuiIconButton-label"
        ><svg
          width="1em"
          height="1em"
          viewBox="0 0 24 24"
          fill="none"
          xmlns="http://www.w3.org/2000/svg"
          class="MuiSvgIcon-root denhaag-icon"
          focusable="false"
          aria-hidden="true"
          shape-rendering="auto"
        >
          <path
            d="M7 4a2 2 0 012-2h6a2 2 0 012 2v2h4a1 1 0 110 2h-1.069l-.867 12.142A2 2 0 0117.069 22H6.93a2 2 0 01-1.995-1.858L4.07 8H3a1 1 0 010-2h4V4zm2 2h6V4H9v2zM6.074 8l.857 12H17.07l.857-12H6.074zM10 10a1 1 0 011 1v6a1 1 0 11-2 0v-6a1 1 0 011-1zm4 0a1 1 0 011 1v6a1 1 0 11-2 0v-6a1 1 0 011-1z"
            fill="currentColor"
          ></path></svg
      ></span>
    </button>
  </div>
</div>
`;

exports[`IconButton tests > a11y and snapshots #0`] = `
<div id="wrapper" style="display: inline-block;">
  <div style="padding: 10px;">
    <button
      class="MuiButtonBase-root MuiIconButton-root denhaag-icon-button"
      tabindex="0"
      type="button"
      aria-label="Button"
    >
      <span class="MuiIconButton-label"
        ><svg
          width="1em"
          height="1em"
          viewBox="0 0 24 24"
          fill="none"
          xmlns="http://www.w3.org/2000/svg"
          class="MuiSvgIcon-root denhaag-icon"
          focusable="false"
          aria-hidden="true"
          shape-rendering="auto"
        >
          <path
            d="M7 4a2 2 0 012-2h6a2 2 0 012 2v2h4a1 1 0 110 2h-1.069l-.867 12.142A2 2 0 0117.069 22H6.93a2 2 0 01-1.995-1.858L4.07 8H3a1 1 0 010-2h4V4zm2 2h6V4H9v2zM6.074 8l.857 12H17.07l.857-12H6.074zM10 10a1 1 0 011 1v6a1 1 0 11-2 0v-6a1 1 0 011-1zm4 0a1 1 0 011 1v6a1 1 0 11-2 0v-6a1 1 0 011-1z"
            fill="currentColor"
          ></path></svg
      ></span>
    </button>
  </div>
  <div style="padding: 10px;">
    <button
      class="MuiButtonBase-root MuiIconButton-root denhaag-icon-button Mui-disabled Mui-disabled"
      tabindex="-1"
      type="button"
      disabled=""
      aria-label="Button"
    >
      <span class="MuiIconButton-label"
        ><svg
          width="1em"
          height="1em"
          viewBox="0 0 24 24"
          fill="none"
          xmlns="http://www.w3.org/2000/svg"
          class="MuiSvgIcon-root denhaag-icon"
          focusable="false"
          aria-hidden="true"
          shape-rendering="auto"
        >
          <path
            d="M7 4a2 2 0 012-2h6a2 2 0 012 2v2h4a1 1 0 110 2h-1.069l-.867 12.142A2 2 0 0117.069 22H6.93a2 2 0 01-1.995-1.858L4.07 8H3a1 1 0 010-2h4V4zm2 2h6V4H9v2zM6.074 8l.857 12H17.07l.857-12H6.074zM10 10a1 1 0 011 1v6a1 1 0 11-2 0v-6a1 1 0 011-1zm4 0a1 1 0 011 1v6a1 1 0 11-2 0v-6a1 1 0 011-1z"
            fill="currentColor"
          ></path></svg
      ></span>
    </button>
  </div>
</div>
`;
