exports[`Tab tests > a11y and snapshots #0`] = `
<div id="wrapper" style="display: inline-block;">
  <div style="padding: 10px;">
    <div class="MuiTabs-root denhaag-tabs">
      <div class="MuiTabs-scroller MuiTabs-fixed" style="overflow: hidden;">
        <div
          class="MuiTabs-flexContainer denhaag-tabs__container"
          role="tablist"
        >
          <button
            class="MuiButtonBase-root MuiTab-root MuiTab-textColorInherit denhaag-tabs__tab Mui-selected denhaag-tabs__tab--selected"
            tabindex="0"
            type="button"
            role="tab"
            aria-selected="true"
          >
            <span class="MuiTab-wrapper">Label</span></button
          ><button
            class="MuiButtonBase-root MuiTab-root MuiTab-textColorInherit denhaag-tabs__tab Mui-disabled Mui-disabled"
            tabindex="-1"
            type="button"
            disabled=""
            role="tab"
            aria-selected="false"
          >
            <span class="MuiTab-wrapper">Another tab</span></button
          ><button
            class="MuiButtonBase-root MuiTab-root MuiTab-textColorInherit denhaag-tabs__tab"
            tabindex="-1"
            type="button"
            role="tab"
            aria-selected="false"
          >
            <span class="MuiTab-wrapper">Yet another tab</span>
          </button>
        </div>
        <span
          class="PrivateTabIndicator-root-1 PrivateTabIndicator-colorSecondary-3 MuiTabs-indicator denhaag-tabs__tab-indicator"
          style="left: 0px; width: 72px;"
        ></span>
      </div>
    </div>
    <div
      aria-labelledby=""
      class="MuiTabPanel-root denhaag-tabs__tab-panel"
      id=""
      role="tabpanel"
    >
      Item One
    </div>
    <div
      aria-labelledby=""
      class="MuiTabPanel-root denhaag-tabs__tab-panel"
      hidden=""
      id=""
      role="tabpanel"
    ></div>
    <div
      aria-labelledby=""
      class="MuiTabPanel-root denhaag-tabs__tab-panel"
      hidden=""
      id=""
      role="tabpanel"
    ></div>
  </div>
</div>
`;
