exports[`DotIndicator tests > a11y and snapshots #0`] = `
<div id="wrapper" style="display: inline-block;">
  <div style="padding: 10px;">
    <span class="denhaag-dot-indicator denhaag-dot-indicator--overlap-rectangle"
      ><button variant="secondary" type="button" class="denhaag-button">
        <span class="denhaag-button__label">Read messages</span></button
      ><span class="denhaag-dot-indicator__dot"></span
    ></span>
  </div>
</div>
`;

exports[`DotIndicator tests > a11y and snapshots #1`] = `
<div id="wrapper" style="display: inline-block;">
  <div style="padding: 10px;">
    <span class="denhaag-dot-indicator denhaag-dot-indicator--overlap-circle"
      ><div class="MuiAvatar-root MuiAvatar-circular MuiAvatar-colorDefault">
        <svg
          class="MuiSvgIcon-root MuiAvatar-fallback"
          focusable="false"
          viewBox="0 0 24 24"
          aria-hidden="true"
        >
          <path
            d="M12 12c2.21 0 4-1.79 4-4s-1.79-4-4-4-4 1.79-4 4 1.79 4 4 4zm0 2c-2.67 0-8 1.34-8 4v2h16v-2c0-2.66-5.33-4-8-4z"
          ></path>
        </svg>
      </div>
      <span class="denhaag-dot-indicator__dot"></span
    ></span>
  </div>
</div>
`;
